###############################################################################
#                                                                             #
# IAR ELF Linker V6.30.6.53336/W32 for ARM              26/May/2014  12:33:55 #
# Copyright 2007-2012 IAR Systems AB.                                         #
#                                                                             #
#    Output file  =  C:\Documents and Settings\Administrator\Desktop\Librerie #
#                    +Esempi-F4\STM32F4-Discovery_FW_V1.1.0\Project\Periphera #
#                    l_Examples\MEMS_Modificato\EWARM\LIS302DL\Exe\SysTick.ou #
#                    t                                                        #
#    Map file     =  C:\Documents and Settings\Administrator\Desktop\Librerie #
#                    +Esempi-F4\STM32F4-Discovery_FW_V1.1.0\Project\Periphera #
#                    l_Examples\MEMS_Modificato\EWARM\LIS302DL\List\SysTick.m #
#                    ap                                                       #
#    Command line =  "C:\Documents and Settings\Administrator\Desktop\Libreri #
#                    e+Esempi-F4\STM32F4-Discovery_FW_V1.1.0\Project\Peripher #
#                    al_Examples\MEMS_Modificato\EWARM\LIS302DL\Obj\main.o"   #
#                    "C:\Documents and Settings\Administrator\Desktop\Libreri #
#                    e+Esempi-F4\STM32F4-Discovery_FW_V1.1.0\Project\Peripher #
#                    al_Examples\MEMS_Modificato\EWARM\LIS302DL\Obj\misc.o"   #
#                    "C:\Documents and Settings\Administrator\Desktop\Libreri #
#                    e+Esempi-F4\STM32F4-Discovery_FW_V1.1.0\Project\Peripher #
#                    al_Examples\MEMS_Modificato\EWARM\LIS302DL\Obj\startup_s #
#                    tm32f4xx.o" "C:\Documents and                            #
#                    Settings\Administrator\Desktop\Librerie+Esempi-F4\STM32F #
#                    4-Discovery_FW_V1.1.0\Project\Peripheral_Examples\MEMS_M #
#                    odificato\EWARM\LIS302DL\Obj\stm32f4_discovery.o"        #
#                    "C:\Documents and Settings\Administrator\Desktop\Libreri #
#                    e+Esempi-F4\STM32F4-Discovery_FW_V1.1.0\Project\Peripher #
#                    al_Examples\MEMS_Modificato\EWARM\LIS302DL\Obj\stm32f4_d #
#                    iscovery_lis302dl.o" "C:\Documents and                   #
#                    Settings\Administrator\Desktop\Librerie+Esempi-F4\STM32F #
#                    4-Discovery_FW_V1.1.0\Project\Peripheral_Examples\MEMS_M #
#                    odificato\EWARM\LIS302DL\Obj\stm32f4xx_exti.o"           #
#                    "C:\Documents and Settings\Administrator\Desktop\Libreri #
#                    e+Esempi-F4\STM32F4-Discovery_FW_V1.1.0\Project\Peripher #
#                    al_Examples\MEMS_Modificato\EWARM\LIS302DL\Obj\stm32f4xx #
#                    _gpio.o" "C:\Documents and Settings\Administrator\Deskto #
#                    p\Librerie+Esempi-F4\STM32F4-Discovery_FW_V1.1.0\Project #
#                    \Peripheral_Examples\MEMS_Modificato\EWARM\LIS302DL\Obj\ #
#                    stm32f4xx_it.o" "C:\Documents and                        #
#                    Settings\Administrator\Desktop\Librerie+Esempi-F4\STM32F #
#                    4-Discovery_FW_V1.1.0\Project\Peripheral_Examples\MEMS_M #
#                    odificato\EWARM\LIS302DL\Obj\stm32f4xx_rcc.o"            #
#                    "C:\Documents and Settings\Administrator\Desktop\Libreri #
#                    e+Esempi-F4\STM32F4-Discovery_FW_V1.1.0\Project\Peripher #
#                    al_Examples\MEMS_Modificato\EWARM\LIS302DL\Obj\stm32f4xx #
#                    _spi.o" "C:\Documents and Settings\Administrator\Desktop #
#                    \Librerie+Esempi-F4\STM32F4-Discovery_FW_V1.1.0\Project\ #
#                    Peripheral_Examples\MEMS_Modificato\EWARM\LIS302DL\Obj\s #
#                    tm32f4xx_syscfg.o" "C:\Documents and                     #
#                    Settings\Administrator\Desktop\Librerie+Esempi-F4\STM32F #
#                    4-Discovery_FW_V1.1.0\Project\Peripheral_Examples\MEMS_M #
#                    odificato\EWARM\LIS302DL\Obj\stm32f4xx_tim.o"            #
#                    "C:\Documents and Settings\Administrator\Desktop\Libreri #
#                    e+Esempi-F4\STM32F4-Discovery_FW_V1.1.0\Project\Peripher #
#                    al_Examples\MEMS_Modificato\EWARM\LIS302DL\Obj\system_st #
#                    m32f4xx.o" "C:\Documents and                             #
#                    Settings\Administrator\Desktop\Librerie+Esempi-F4\STM32F #
#                    4-Discovery_FW_V1.1.0\Project\Peripheral_Examples\MEMS_M #
#                    odificato\EWARM\LIS302DL\Obj\usb_bsp.o" "C:\Documents    #
#                    and Settings\Administrator\Desktop\Librerie+Esempi-F4\ST #
#                    M32F4-Discovery_FW_V1.1.0\Project\Peripheral_Examples\ME #
#                    MS_Modificato\EWARM\LIS302DL\Obj\usb_core.o"             #
#                    "C:\Documents and Settings\Administrator\Desktop\Libreri #
#                    e+Esempi-F4\STM32F4-Discovery_FW_V1.1.0\Project\Peripher #
#                    al_Examples\MEMS_Modificato\EWARM\LIS302DL\Obj\usb_dcd.o #
#                    " "C:\Documents and Settings\Administrator\Desktop\Libre #
#                    rie+Esempi-F4\STM32F4-Discovery_FW_V1.1.0\Project\Periph #
#                    eral_Examples\MEMS_Modificato\EWARM\LIS302DL\Obj\usb_dcd #
#                    _int.o" "C:\Documents and Settings\Administrator\Desktop #
#                    \Librerie+Esempi-F4\STM32F4-Discovery_FW_V1.1.0\Project\ #
#                    Peripheral_Examples\MEMS_Modificato\EWARM\LIS302DL\Obj\u #
#                    sbd_cdc_core.o" "C:\Documents and                        #
#                    Settings\Administrator\Desktop\Librerie+Esempi-F4\STM32F #
#                    4-Discovery_FW_V1.1.0\Project\Peripheral_Examples\MEMS_M #
#                    odificato\EWARM\LIS302DL\Obj\usbd_cdc_vcp.o"             #
#                    "C:\Documents and Settings\Administrator\Desktop\Libreri #
#                    e+Esempi-F4\STM32F4-Discovery_FW_V1.1.0\Project\Peripher #
#                    al_Examples\MEMS_Modificato\EWARM\LIS302DL\Obj\usbd_core #
#                    .o" "C:\Documents and Settings\Administrator\Desktop\Lib #
#                    rerie+Esempi-F4\STM32F4-Discovery_FW_V1.1.0\Project\Peri #
#                    pheral_Examples\MEMS_Modificato\EWARM\LIS302DL\Obj\usbd_ #
#                    desc.o" "C:\Documents and Settings\Administrator\Desktop #
#                    \Librerie+Esempi-F4\STM32F4-Discovery_FW_V1.1.0\Project\ #
#                    Peripheral_Examples\MEMS_Modificato\EWARM\LIS302DL\Obj\u #
#                    sbd_ioreq.o" "C:\Documents and                           #
#                    Settings\Administrator\Desktop\Librerie+Esempi-F4\STM32F #
#                    4-Discovery_FW_V1.1.0\Project\Peripheral_Examples\MEMS_M #
#                    odificato\EWARM\LIS302DL\Obj\usbd_req.o" "C:\Documents   #
#                    and Settings\Administrator\Desktop\Librerie+Esempi-F4\ST #
#                    M32F4-Discovery_FW_V1.1.0\Project\Peripheral_Examples\ME #
#                    MS_Modificato\EWARM\LIS302DL\Obj\usbd_usr.o"             #
#                    "C:\Documents and Settings\Administrator\Desktop\Libreri #
#                    e+Esempi-F4\STM32F4-Discovery_FW_V1.1.0\Project\Peripher #
#                    al_Examples\MEMS_Modificato\EWARM\LIS302DL\Obj\vcp.o"    #
#                    --redirect _Printf=_PrintfFull --redirect                #
#                    _Scanf=_ScanfFull -o "C:\Documents and                   #
#                    Settings\Administrator\Desktop\Librerie+Esempi-F4\STM32F #
#                    4-Discovery_FW_V1.1.0\Project\Peripheral_Examples\MEMS_M #
#                    odificato\EWARM\LIS302DL\Exe\SysTick.out" --map          #
#                    "C:\Documents and Settings\Administrator\Desktop\Libreri #
#                    e+Esempi-F4\STM32F4-Discovery_FW_V1.1.0\Project\Peripher #
#                    al_Examples\MEMS_Modificato\EWARM\LIS302DL\List\SysTick. #
#                    map" --config "C:\Programmi\IAR Systems\Embedded         #
#                    Workbench 6.0\arm\config\linker\ST\stm32f407xG.icf"      #
#                    --semihosting --entry __iar_program_start --redirect     #
#                    __write=__write_buffered --redirect                      #
#                    __iar_sh_stdout=__iar_sh_stdout_swo --vfe                #
#                                                                             #
#                                                                             #
###############################################################################

*******************************************************************************
*** RUNTIME MODEL ATTRIBUTES
***

CppFlavor       = *
__SystemLibrary = DLib


*******************************************************************************
*** PLACEMENT SUMMARY
***

"A1":  place at 0x08000000 { ro section .intvec };
"P1":  place in [from 0x08000000 to 0x080fffff] { ro };
"P2":  place in [from 0x20000000 to 0x2002ffff] { rw, block CSTACK, block HEAP };

  Section            Kind        Address    Size  Object
  -------            ----        -------    ----  ------
"A1":                                      0x188
  .intvec            ro code  0x08000000   0x188  startup_stm32f4xx.o [1]
                            - 0x08000188   0x188

"P1":                                     0x46f4
  .text              ro code  0x08000188   0xd1e  xprintffull.o [3]
  .text              ro code  0x08000ea6    0x2e  copy_init3.o [5]
  .text              ro code  0x08000ed4    0x16  strchr.o [5]
  .text              ro code  0x08000eea    0x22  zero_init3.o [5]
  .text              ro code  0x08000f0c    0x36  strlen.o [5]
  .text              ro code  0x08000f42     0xe  usbd_usr.o [1]
  .text              ro code  0x08000f50    0x58  memchr.o [5]
  .text              ro code  0x08000fa8    0xee  I64DivMod.o [5]
  .text              ro code  0x08001098    0x76  ABImemcpy.o [5]
  .text              ro code  0x0800110e    0x44  xdnorm.o [4]
  .text              ro code  0x08001154    0x2e  DblCmpLe.o [4]
  .text              ro code  0x08001184    0x2e  DblCmpGe.o [4]
  .text              ro code  0x080011b4   0x11a  xdscale.o [4]
  .text              ro code  0x080012d0    0x58  DblToI32.o [4]
  .text              ro code  0x08001328    0x30  I32ToDbl.o [4]
  .text              ro code  0x08001358   0x180  DblSub.o [4]
  .text              ro code  0x080014d8   0x1a2  DblMul.o [4]
  .text              ro code  0x0800167c   0x246  DblDiv.o [4]
  .text              ro code  0x080018c2     0xe  div.o [3]
  .text              ro code  0x080018d0     0x2  I64DivZer.o [5]
  .text              ro code  0x080018d4    0xd4  DblAdd.o [4]
  .text              ro code  0x080019a8   0x888  usb_core.o [1]
  .text              ro code  0x08002230   0x104  usb_bsp.o [1]
  .text              ro code  0x08002334    0x70  stm32f4xx_rcc.o [1]
  .text              ro code  0x080023a4    0xc0  stm32f4xx_gpio.o [1]
  .text              ro code  0x08002464    0x28  stm32f4xx_exti.o [1]
  .text              ro code  0x0800248c    0x78  misc.o [1]
  .text              ro code  0x08002504   0x54c  usbd_req.o [1]
  .text              ro code  0x08002a50   0x220  usb_dcd.o [1]
  .text              ro code  0x08002c70    0xac  usbd_ioreq.o [1]
  .text              ro code  0x08002d1c   0x254  usbd_core.o [1]
  .text              ro code  0x08002f70   0x460  usb_dcd_int.o [1]
  .text              ro code  0x080033d0   0x364  main.o [1]
  .text              ro code  0x08003734    0x88  stm32f4_discovery.o [1]
  .text              ro code  0x080037bc   0x108  vcp.o [1]
  .text              ro code  0x080038c4     0x6  ABImemclr4.o [5]
  .text              ro code  0x080038cc   0x178  usbd_cdc_vcp.o [1]
  .text              ro code  0x08003a44    0x24  printf.o [3]
  .text              ro code  0x08003a68   0x340  stm32f4_discovery_lis302dl.o [1]
  .text              ro code  0x08003da8    0xdc  system_stm32f4xx.o [1]
  .text              ro code  0x08003e84    0x32  ABImemset48.o [5]
  .text              ro code  0x08003eb8    0xd6  stm32f4xx_spi.o [1]
  .text              ro code  0x08003f90   0x26c  usbd_cdc_core.o [1]
  .text              ro code  0x080041fc   0x128  usbd_desc.o [1]
  .text              ro code  0x08004324    0xba  xxwritebuffered.o [3]
  .text              ro code  0x080043de    0x1e  dwrite.o [6]
  .text              ro code  0x080043fc    0x54  iarwstdswo.o [6]
  .text              ro code  0x08004450    0x22  iarwrite.o [6]
  .text              ro code  0x08004474    0x2c  data_init3.o [5]
  .text              ro code  0x080044a0    0x28  putchar.o [3]
  .iar.init_table    const    0x080044c8    0x24  - Linker created -
  .text              ro code  0x080044ec    0x16  cmain.o [5]
  .text              ro code  0x08004502     0x4  low_level_init.o [3]
  .text              ro code  0x08004506     0x4  exit.o [3]
  .text              ro code  0x0800450c     0xe  cexit.o [5]
  .text              ro code  0x0800451a     0xc  xcloseall.o [3]
  .text              ro code  0x08004528    0x14  exit.o [6]
  .text              ro code  0x0800453c    0x16  xprout.o [3]
  .text              ro code  0x08004554    0x14  stm32f4xx_it.o [1]
  .text              ro code  0x08004568    0x10  startup_stm32f4xx.o [1]
  .text              ro code  0x08004578     0xc  cstartup_M.o [5]
  .text              ro code  0x08004584     0x4  startup_stm32f4xx.o [1]
  .text              ro code  0x08004588     0x4  startup_stm32f4xx.o [1]
  .text              ro code  0x0800458c     0x4  startup_stm32f4xx.o [1]
  .text              ro code  0x08004590     0x4  startup_stm32f4xx.o [1]
  .text              ro code  0x08004594     0x4  startup_stm32f4xx.o [1]
  .text              ro code  0x08004598     0x4  startup_stm32f4xx.o [1]
  .text              ro code  0x0800459c     0x4  startup_stm32f4xx.o [1]
  .text              ro code  0x080045a0     0x4  startup_stm32f4xx.o [1]
  .text              ro code  0x080045a4     0x4  startup_stm32f4xx.o [1]
  .text              ro code  0x080045a8     0x4  startup_stm32f4xx.o [1]
  .text              ro code  0x080045ac     0x4  startup_stm32f4xx.o [1]
  .text              ro code  0x080045b0     0x4  startup_stm32f4xx.o [1]
  .text              ro code  0x080045b4     0x4  startup_stm32f4xx.o [1]
  .text              ro code  0x080045b8     0x4  startup_stm32f4xx.o [1]
  .text              ro code  0x080045bc     0x4  startup_stm32f4xx.o [1]
  .text              ro code  0x080045c0     0x4  startup_stm32f4xx.o [1]
  .text              ro code  0x080045c4     0x4  startup_stm32f4xx.o [1]
  .text              ro code  0x080045c8     0x4  startup_stm32f4xx.o [1]
  .text              ro code  0x080045cc     0x4  startup_stm32f4xx.o [1]
  .text              ro code  0x080045d0     0x4  startup_stm32f4xx.o [1]
  .text              ro code  0x080045d4     0x4  startup_stm32f4xx.o [1]
  .text              ro code  0x080045d8     0x4  startup_stm32f4xx.o [1]
  .text              ro code  0x080045dc     0x4  startup_stm32f4xx.o [1]
  .text              ro code  0x080045e0     0x4  startup_stm32f4xx.o [1]
  .text              ro code  0x080045e4     0x4  startup_stm32f4xx.o [1]
  .text              ro code  0x080045e8     0x4  startup_stm32f4xx.o [1]
  .text              ro code  0x080045ec     0x4  startup_stm32f4xx.o [1]
  .text              ro code  0x080045f0     0x4  startup_stm32f4xx.o [1]
  .text              ro code  0x080045f4     0x4  startup_stm32f4xx.o [1]
  .text              ro code  0x080045f8     0x4  startup_stm32f4xx.o [1]
  .text              ro code  0x080045fc     0x4  startup_stm32f4xx.o [1]
  .text              ro code  0x08004600     0x4  startup_stm32f4xx.o [1]
  .text              ro code  0x08004604     0x4  startup_stm32f4xx.o [1]
  .text              ro code  0x08004608     0x4  startup_stm32f4xx.o [1]
  .text              ro code  0x0800460c     0x4  startup_stm32f4xx.o [1]
  .text              ro code  0x08004610     0x4  startup_stm32f4xx.o [1]
  .text              ro code  0x08004614     0x4  startup_stm32f4xx.o [1]
  .text              ro code  0x08004618     0x4  startup_stm32f4xx.o [1]
  .text              ro code  0x0800461c     0x4  startup_stm32f4xx.o [1]
  .text              ro code  0x08004620     0x4  startup_stm32f4xx.o [1]
  .text              ro code  0x08004624     0x4  startup_stm32f4xx.o [1]
  .text              ro code  0x08004628     0x4  startup_stm32f4xx.o [1]
  .text              ro code  0x0800462c     0x4  startup_stm32f4xx.o [1]
  .text              ro code  0x08004630     0x4  startup_stm32f4xx.o [1]
  .text              ro code  0x08004634     0x4  startup_stm32f4xx.o [1]
  .text              ro code  0x08004638     0x4  startup_stm32f4xx.o [1]
  .text              ro code  0x0800463c     0x4  startup_stm32f4xx.o [1]
  .text              ro code  0x08004640     0x4  startup_stm32f4xx.o [1]
  .text              ro code  0x08004644     0x4  startup_stm32f4xx.o [1]
  .text              ro code  0x08004648     0x4  startup_stm32f4xx.o [1]
  .text              ro code  0x0800464c     0x4  startup_stm32f4xx.o [1]
  .text              ro code  0x08004650     0x4  startup_stm32f4xx.o [1]
  .text              ro code  0x08004654     0x4  startup_stm32f4xx.o [1]
  .text              ro code  0x08004658     0x4  startup_stm32f4xx.o [1]
  .text              ro code  0x0800465c     0x4  startup_stm32f4xx.o [1]
  .text              ro code  0x08004660     0x4  startup_stm32f4xx.o [1]
  .text              ro code  0x08004664     0x4  startup_stm32f4xx.o [1]
  .text              ro code  0x08004668     0x4  startup_stm32f4xx.o [1]
  .text              ro code  0x0800466c     0x4  startup_stm32f4xx.o [1]
  .text              ro code  0x08004670     0x4  startup_stm32f4xx.o [1]
  .text              ro code  0x08004674     0x4  startup_stm32f4xx.o [1]
  .text              ro code  0x08004678     0x4  startup_stm32f4xx.o [1]
  .text              ro code  0x0800467c     0x4  startup_stm32f4xx.o [1]
  .text              ro code  0x08004680     0x4  startup_stm32f4xx.o [1]
  .text              ro code  0x08004684     0x4  startup_stm32f4xx.o [1]
  .text              ro code  0x08004688     0x4  startup_stm32f4xx.o [1]
  .text              ro code  0x0800468c     0x4  startup_stm32f4xx.o [1]
  .text              ro code  0x08004690     0x4  startup_stm32f4xx.o [1]
  .text              ro code  0x08004694     0x4  startup_stm32f4xx.o [1]
  .text              ro code  0x08004698     0x4  startup_stm32f4xx.o [1]
  .text              ro code  0x0800469c     0x4  startup_stm32f4xx.o [1]
  .text              ro code  0x080046a0     0x4  startup_stm32f4xx.o [1]
  .text              ro code  0x080046a4     0x4  startup_stm32f4xx.o [1]
  .text              ro code  0x080046a8     0x4  startup_stm32f4xx.o [1]
  .text              ro code  0x080046ac     0x4  startup_stm32f4xx.o [1]
  .text              ro code  0x080046b0     0x4  startup_stm32f4xx.o [1]
  .text              ro code  0x080046b4     0x4  startup_stm32f4xx.o [1]
  .text              ro code  0x080046b8     0x4  startup_stm32f4xx.o [1]
  .text              ro code  0x080046bc     0x4  startup_stm32f4xx.o [1]
  .text              ro code  0x080046c0     0x4  startup_stm32f4xx.o [1]
  .text              ro code  0x080046c4     0x4  startup_stm32f4xx.o [1]
  .text              ro code  0x080046c8     0x4  startup_stm32f4xx.o [1]
  .text              ro code  0x080046cc     0x4  startup_stm32f4xx.o [1]
  .text              ro code  0x080046d0     0x4  startup_stm32f4xx.o [1]
  .text              ro code  0x080046d4     0x4  startup_stm32f4xx.o [1]
  .text              ro code  0x080046d8     0x4  startup_stm32f4xx.o [1]
  .text              ro code  0x080046dc     0x4  startup_stm32f4xx.o [1]
  .text              ro code  0x080046e0     0x4  startup_stm32f4xx.o [1]
  .text              ro code  0x080046e4     0x4  startup_stm32f4xx.o [1]
  .text              ro code  0x080046e8     0x4  startup_stm32f4xx.o [1]
  .text              ro code  0x080046ec     0x4  startup_stm32f4xx.o [1]
  .text              ro code  0x080046f0     0x0  cstart_closeall.o [5]
  .rodata            const    0x080046f0     0x0  bwt_init3c.o [5]
  Initializer bytes  ro data  0x080046f0   0x18c  <for P2 s0>
                            - 0x0800487c  0x46f4

"P2", part 1 of 3:                         0x18c
  P2 s0                       0x20000000   0x18c  <Init block>
    .data            inited   0x20000000    0x58  usbd_cdc_core.o [1]
    .data            inited   0x20000058    0x44  main.o [1]
    .data            inited   0x2000009c    0x2c  usbd_cdc_core.o [1]
    .data            inited   0x200000c8    0x2c  usbd_core.o [1]
    .data            inited   0x200000f4    0x1c  usbd_desc.o [1]
    .data            inited   0x20000110    0x1c  usbd_usr.o [1]
    .data            inited   0x2000012c    0x14  system_stm32f4xx.o [1]
    .data            inited   0x20000140    0x14  usbd_cdc_vcp.o [1]
    .data            inited   0x20000154    0x14  usbd_desc.o [1]
    .data            inited   0x20000168    0x10  stm32f4_discovery.o [1]
    .data            inited   0x20000178     0x8  usbd_cdc_vcp.o [1]
    .data            inited   0x20000180     0x4  stm32f4_discovery_lis302dl.o [1]
    .data            inited   0x20000184     0x4  usbd_core.o [1]
    .data            inited   0x20000188     0x4  usbd_desc.o [1]
                            - 0x2000018c   0x18c

"P2", part 2 of 3:                         0xf64
  .bss               zero     0x2000018c   0x814  usbd_cdc_core.o [1]
  .bss               zero     0x200009a0   0x5f0  vcp.o [1]
  .bss               zero     0x20000f90    0x88  usbd_cdc_vcp.o [1]
  .bss               zero     0x20001018    0x54  xxwritebuffered.o [3]
  .bss               zero     0x2000106c    0x40  usbd_cdc_core.o [1]
  .bss               zero     0x200010ac    0x34  usbd_req.o [1]
  .bss               zero     0x200010e0     0x8  usbd_req.o [1]
  .bss               zero     0x200010e8     0x4  usbd_req.o [1]
  .bss               zero     0x200010ec     0x1  usbd_req.o [1]
                            - 0x200010ed   0xf61

"P2", part 3 of 3:                        0x2000
  CSTACK                      0x200010f0  0x2000  <Block>
    CSTACK           uninit   0x200010f0  0x2000  <Block tail>
                            - 0x200030f0  0x2000


*******************************************************************************
*** INIT TABLE
***

          Address     Size
          -------     ----
Zero (__iar_zero_init3)
    1 destination range, total size 0xf61:
          0x2000018c  0xf61

Copy (__iar_copy_init3)
    1 source range, total size 0x18c:
          0x080046f0  0x18c
    1 destination range, total size 0x18c:
          0x20000000  0x18c



*******************************************************************************
*** MODULE SUMMARY
***

    Module                        ro code  ro data  rw data
    ------                        -------  -------  -------
C:\Documents and Settings\Administrator\Desktop\Librerie+Esempi-F4\STM32F4-Discovery_FW_V1.1.0\Project\Peripheral_Examples\MEMS_Modificato\EWARM\LIS302DL\Obj: [1]
    main.o                            868       68       68
    misc.o                            120
    startup_stm32f4xx.o               772
    stm32f4_discovery.o               136       16       16
    stm32f4_discovery_lis302dl.o      832        4        4
    stm32f4xx_exti.o                   40
    stm32f4xx_gpio.o                  192
    stm32f4xx_it.o                     20
    stm32f4xx_rcc.o                   112
    stm32f4xx_spi.o                   214
    system_stm32f4xx.o                220       20       20
    usb_bsp.o                         260
    usb_core.o                      2 184
    usb_dcd.o                         544
    usb_dcd_int.o                   1 120
    usbd_cdc_core.o                   620      132    2 264
    usbd_cdc_vcp.o                    376       28      164
    usbd_core.o                       596       48       48
    usbd_desc.o                       296       52       52
    usbd_ioreq.o                      172
    usbd_req.o                      1 356                65
    usbd_usr.o                         14       28       28
    vcp.o                             264             1 520
    -------------------------------------------------------
    Total:                         11 328      396    4 249

command line: [2]
    -------------------------------------------------------
    Total:

dl7M_tln.a: [3]
    div.o                              14
    exit.o                              4
    low_level_init.o                    4
    printf.o                           36
    putchar.o                          40
    xcloseall.o                        12
    xprintffull.o                   3 358
    xprout.o                           22
    xxwritebuffered.o                 186                84
    -------------------------------------------------------
    Total:                          3 676                84

m7M_tl.a: [4]
    DblAdd.o                          212
    DblCmpGe.o                         46
    DblCmpLe.o                         46
    DblDiv.o                          582
    DblMul.o                          418
    DblSub.o                          384
    DblToI32.o                         88
    I32ToDbl.o                         48
    xdnorm.o                           68
    xdscale.o                         282
    -------------------------------------------------------
    Total:                          2 174

rt7M_tl.a: [5]
    ABImemclr4.o                        6
    ABImemcpy.o                       118
    ABImemset48.o                      50
    I64DivMod.o                       238
    I64DivZer.o                         2
    bwt_init3c.o
    cexit.o                            14
    cmain.o                            22
    copy_init3.o                       46
    cstart_closeall.o
    cstartup_M.o                       12
    data_init3.o                       44
    memchr.o                           88
    strchr.o                           22
    strlen.o                           54
    zero_init3.o                       34
    -------------------------------------------------------
    Total:                            750

shb_l.a: [6]
    dwrite.o                           30
    exit.o                             20
    iarwrite.o                         34
    iarwstdswo.o                       84
    -------------------------------------------------------
    Total:                            168

    Gaps                               28
    Linker created                              36    8 192
-----------------------------------------------------------
    Grand Total:                   18 124      432   12 525


*******************************************************************************
*** ENTRY LIST
***

Entry                      Address   Size  Type      Object
-----                      -------   ----  ----      ------
?main                   0x080044ed         Code  Gb  cmain.o [5]
ADC_IRQHandler          0x080045f1         Code  Wk  startup_stm32f4xx.o [1]
AHBPrescTable           0x20000130   0x10  Data  Gb  system_stm32f4xx.o [1]
APP_Rx_Buffer           0x200001a0  0x800  Data  Gb  usbd_cdc_core.o [1]
APP_Rx_length           0x20000198    0x4  Data  Gb  usbd_cdc_core.o [1]
APP_Rx_ptr_in           0x20000190    0x4  Data  Gb  usbd_cdc_core.o [1]
APP_Rx_ptr_out          0x20000194    0x4  Data  Gb  usbd_cdc_core.o [1]
APP_Tx_Buffer           0x20000f90   0x80  Data  Gb  usbd_cdc_vcp.o [1]
APP_tx_ptr_head         0x20001010    0x4  Data  Gb  usbd_cdc_vcp.o [1]
APP_tx_ptr_tail         0x20001014    0x4  Data  Gb  usbd_cdc_vcp.o [1]
Buffer                  0x20000058    0x8  Data  Gb  main.o [1]
BusFault_Handler        0x08003859    0xc  Code  Gb  vcp.o [1]
CAN1_RX0_IRQHandler     0x080045f9         Code  Wk  startup_stm32f4xx.o [1]
CAN1_RX1_IRQHandler     0x080045fd         Code  Wk  startup_stm32f4xx.o [1]
CAN1_SCE_IRQHandler     0x08004601         Code  Wk  startup_stm32f4xx.o [1]
CAN1_TX_IRQHandler      0x080045f5         Code  Wk  startup_stm32f4xx.o [1]
CAN2_RX0_IRQHandler     0x080046a9         Code  Wk  startup_stm32f4xx.o [1]
CAN2_RX1_IRQHandler     0x080046ad         Code  Wk  startup_stm32f4xx.o [1]
CAN2_SCE_IRQHandler     0x080046b1         Code  Wk  startup_stm32f4xx.o [1]
CAN2_TX_IRQHandler      0x080046a5         Code  Wk  startup_stm32f4xx.o [1]
CRYP_IRQHandler         0x080046e5         Code  Wk  startup_stm32f4xx.o [1]
CSTACK$$Base            0x200010f0          --   Gb  - Linker created -
CSTACK$$Limit           0x200030f0          --   Gb  - Linker created -
CmdBuff                 0x2000000c    0x8  Data  Gb  usbd_cdc_core.o [1]
DCD_EP_Close            0x08002b2b   0x32  Code  Gb  usb_dcd.o [1]
DCD_EP_ClrStall         0x08002c21   0x40  Code  Gb  usb_dcd.o [1]
DCD_EP_Open             0x08002ae5   0x46  Code  Gb  usb_dcd.o [1]
DCD_EP_PrepareRx        0x08002b5d   0x44  Code  Gb  usb_dcd.o [1]
DCD_EP_SetAddress       0x08002c61   0x10  Code  Gb  usb_dcd.o [1]
DCD_EP_Stall            0x08002be1   0x40  Code  Gb  usb_dcd.o [1]
DCD_EP_Tx               0x08002ba1   0x40  Code  Gb  usb_dcd.o [1]
DCD_HandleInEP_ISR      0x080030e1   0xde  Code  Lc  usb_dcd_int.o [1]
DCD_HandleOutEP_ISR     0x080031bf   0xb4  Code  Lc  usb_dcd_int.o [1]
DCD_HandleRxStatusQueueLevel_ISR
                        0x08003273   0x76  Code  Lc  usb_dcd_int.o [1]
DCD_HandleUsbReset_ISR  0x0800335d   0x6c  Code  Lc  usb_dcd_int.o [1]
DCD_Init                0x08002a51   0x94  Code  Gb  usb_dcd.o [1]
DCD_WriteEmptyTxFifo    0x080032e9   0x74  Code  Lc  usb_dcd_int.o [1]
DCMI_IRQHandler         0x080046e1         Code  Wk  startup_stm32f4xx.o [1]
DMA1_Stream0_IRQHandler
                        0x080045d5         Code  Wk  startup_stm32f4xx.o [1]
DMA1_Stream1_IRQHandler
                        0x080045d9         Code  Wk  startup_stm32f4xx.o [1]
DMA1_Stream2_IRQHandler
                        0x080045dd         Code  Wk  startup_stm32f4xx.o [1]
DMA1_Stream3_IRQHandler
                        0x080045e1         Code  Wk  startup_stm32f4xx.o [1]
DMA1_Stream4_IRQHandler
                        0x080045e5         Code  Wk  startup_stm32f4xx.o [1]
DMA1_Stream5_IRQHandler
                        0x080045e9         Code  Wk  startup_stm32f4xx.o [1]
DMA1_Stream6_IRQHandler
                        0x080045ed         Code  Wk  startup_stm32f4xx.o [1]
DMA1_Stream7_IRQHandler
                        0x08004665         Code  Wk  startup_stm32f4xx.o [1]
DMA2_Stream0_IRQHandler
                        0x08004689         Code  Wk  startup_stm32f4xx.o [1]
DMA2_Stream1_IRQHandler
                        0x0800468d         Code  Wk  startup_stm32f4xx.o [1]
DMA2_Stream2_IRQHandler
                        0x08004691         Code  Wk  startup_stm32f4xx.o [1]
DMA2_Stream3_IRQHandler
                        0x08004695         Code  Wk  startup_stm32f4xx.o [1]
DMA2_Stream4_IRQHandler
                        0x08004699         Code  Wk  startup_stm32f4xx.o [1]
DMA2_Stream5_IRQHandler
                        0x080046b9         Code  Wk  startup_stm32f4xx.o [1]
DMA2_Stream6_IRQHandler
                        0x080046bd         Code  Wk  startup_stm32f4xx.o [1]
DMA2_Stream7_IRQHandler
                        0x080046c1         Code  Wk  startup_stm32f4xx.o [1]
DebugMon_Handler        0x08003873    0x2  Code  Gb  vcp.o [1]
ETH_IRQHandler          0x0800469d         Code  Wk  startup_stm32f4xx.o [1]
ETH_WKUP_IRQHandler     0x080046a1         Code  Wk  startup_stm32f4xx.o [1]
EXTI0_IRQHandler        0x08003541   0x76  Code  Gb  main.o [1]
EXTI15_10_IRQHandler    0x08004649         Code  Wk  startup_stm32f4xx.o [1]
EXTI1_IRQHandler        0x080045c5         Code  Wk  startup_stm32f4xx.o [1]
EXTI2_IRQHandler        0x080045c9         Code  Wk  startup_stm32f4xx.o [1]
EXTI3_IRQHandler        0x080045cd         Code  Wk  startup_stm32f4xx.o [1]
EXTI4_IRQHandler        0x080045d1         Code  Wk  startup_stm32f4xx.o [1]
EXTI9_5_IRQHandler      0x08004605         Code  Wk  startup_stm32f4xx.o [1]
EXTI_ClearITPendingBit  0x0800247b    0x6  Code  Gb  stm32f4xx_exti.o [1]
EXTI_GetITStatus        0x08002465   0x16  Code  Gb  stm32f4xx_exti.o [1]
FLASH_IRQHandler        0x080045b9         Code  Wk  startup_stm32f4xx.o [1]
FPU_IRQHandler          0x080046ed         Code  Wk  startup_stm32f4xx.o [1]
FSMC_IRQHandler         0x08004669         Code  Wk  startup_stm32f4xx.o [1]
GPIO_CLK                0x080037ac   0x10  Data  Gb  stm32f4_discovery.o [1]
GPIO_Init               0x080023a5   0x80  Code  Gb  stm32f4xx_gpio.o [1]
GPIO_PIN                0x080037a4    0x8  Data  Gb  stm32f4_discovery.o [1]
GPIO_PORT               0x20000168   0x10  Data  Gb  stm32f4_discovery.o [1]
GPIO_PinAFConfig        0x0800243d   0x28  Code  Gb  stm32f4xx_gpio.o [1]
GPIO_ReadInputDataBit   0x08002425   0x10  Code  Gb  stm32f4xx_gpio.o [1]
GPIO_ResetBits          0x08002439    0x4  Code  Gb  stm32f4xx_gpio.o [1]
GPIO_SetBits            0x08002435    0x4  Code  Gb  stm32f4xx_gpio.o [1]
HASH_RNG_IRQHandler     0x080046e9         Code  Wk  startup_stm32f4xx.o [1]
HardFault_Handler       0x08003841    0xc  Code  Gb  vcp.o [1]
I2C1_ER_IRQHandler      0x08004629         Code  Wk  startup_stm32f4xx.o [1]
I2C1_EV_IRQHandler      0x08004625         Code  Wk  startup_stm32f4xx.o [1]
I2C2_ER_IRQHandler      0x08004631         Code  Wk  startup_stm32f4xx.o [1]
I2C2_EV_IRQHandler      0x0800462d         Code  Wk  startup_stm32f4xx.o [1]
I2C3_ER_IRQHandler      0x080046cd         Code  Wk  startup_stm32f4xx.o [1]
I2C3_EV_IRQHandler      0x080046c9         Code  Wk  startup_stm32f4xx.o [1]
LIS302DLTimeout         0x20000180    0x4  Data  Gb  stm32f4_discovery_lis302dl.o [1]
LIS302DL_Init           0x08003a69   0x34  Code  Gb  stm32f4_discovery_lis302dl.o [1]
LIS302DL_InterruptConfig
                        0x08003a9d   0x32  Code  Gb  stm32f4_discovery_lis302dl.o [1]
LIS302DL_LowLevel_Init  0x08003c71  0x128  Code  Lc  stm32f4_discovery_lis302dl.o [1]
LIS302DL_Read           0x08003ba1   0xd0  Code  Gb  stm32f4_discovery_lis302dl.o [1]
LIS302DL_TIMEOUT_UserCallback
                        0x080036e1    0x2  Code  Gb  main.o [1]
LIS302DL_Write          0x08003ad1   0xd0  Code  Gb  stm32f4_discovery_lis302dl.o [1]
MemManage_Handler       0x0800384d    0xc  Code  Gb  vcp.o [1]
NMI_Handler             0x0800383f    0x2  Code  Gb  vcp.o [1]
NVIC_Init               0x08002497   0x5a  Code  Gb  misc.o [1]
NVIC_PriorityGroupConfig
                        0x0800248d    0xa  Code  Gb  misc.o [1]
OTG_FS_IRQHandler       0x08003877    0x6  Code  Gb  vcp.o [1]
OTG_FS_WKUP_IRQHandler  0x0800387d   0x28  Code  Gb  vcp.o [1]
OTG_HS_EP1_IN_IRQHandler
                        0x080046d5         Code  Wk  startup_stm32f4xx.o [1]
OTG_HS_EP1_OUT_IRQHandler
                        0x080046d1         Code  Wk  startup_stm32f4xx.o [1]
OTG_HS_IRQHandler       0x080046dd         Code  Wk  startup_stm32f4xx.o [1]
OTG_HS_WKUP_IRQHandler  0x080046d9         Code  Wk  startup_stm32f4xx.o [1]
PVD_IRQHandler          0x080045ad         Code  Wk  startup_stm32f4xx.o [1]
PendSV_Handler          0x08003875    0x2  Code  Gb  vcp.o [1]
RCC_AHB1PeriphClockCmd  0x08002335   0x12  Code  Gb  stm32f4xx_rcc.o [1]
RCC_AHB2PeriphClockCmd  0x08002347   0x12  Code  Gb  stm32f4xx_rcc.o [1]
RCC_APB1PeriphResetCmd  0x0800236b   0x12  Code  Gb  stm32f4xx_rcc.o [1]
RCC_APB2PeriphClockCmd  0x08002359   0x12  Code  Gb  stm32f4xx_rcc.o [1]
RCC_APB2PeriphResetCmd  0x0800237d   0x12  Code  Gb  stm32f4xx_rcc.o [1]
RCC_IRQHandler          0x080045bd         Code  Wk  startup_stm32f4xx.o [1]
RTC_Alarm_IRQHandler    0x0800464d         Code  Wk  startup_stm32f4xx.o [1]
RTC_WKUP_IRQHandler     0x080045b5         Code  Wk  startup_stm32f4xx.o [1]
Region$$Table$$Base     0x080044c8          --   Gb  - Linker created -
Region$$Table$$Limit    0x080044ec          --   Gb  - Linker created -
Reset_Handler           0x08004569         Code  Wk  startup_stm32f4xx.o [1]
SDIO_IRQHandler         0x0800466d         Code  Wk  startup_stm32f4xx.o [1]
SPI1_IRQHandler         0x08004635         Code  Wk  startup_stm32f4xx.o [1]
SPI2_IRQHandler         0x08004639         Code  Wk  startup_stm32f4xx.o [1]
SPI3_IRQHandler         0x08004675         Code  Wk  startup_stm32f4xx.o [1]
SPI_Cmd                 0x08003f65   0x14  Code  Gb  stm32f4xx_spi.o [1]
SPI_I2S_DeInit          0x08003eb9   0x68  Code  Gb  stm32f4xx_spi.o [1]
SPI_I2S_GetFlagStatus   0x08003f81    0xe  Code  Gb  stm32f4xx_spi.o [1]
SPI_I2S_ReceiveData     0x08003f79    0x4  Code  Gb  stm32f4xx_spi.o [1]
SPI_I2S_SendData        0x08003f7d    0x4  Code  Gb  stm32f4xx_spi.o [1]
SPI_Init                0x08003f21   0x38  Code  Gb  stm32f4xx_spi.o [1]
STM_EVAL_LEDInit        0x08003735   0x46  Code  Gb  stm32f4_discovery.o [1]
STM_EVAL_LEDOff         0x0800378d   0x12  Code  Gb  stm32f4_discovery.o [1]
STM_EVAL_LEDOn          0x0800377b   0x12  Code  Gb  stm32f4_discovery.o [1]
SVC_Handler             0x08003871    0x2  Code  Gb  vcp.o [1]
SysTick_Handler         0x08004555   0x14  Code  Gb  stm32f4xx_it.o [1]
SystemCoreClock         0x2000012c    0x4  Data  Gb  system_stm32f4xx.o [1]
SystemInit              0x08003da9   0xc4  Code  Gb  system_stm32f4xx.o [1]
TAMP_STAMP_IRQHandler   0x080045b1         Code  Wk  startup_stm32f4xx.o [1]
TIM1_BRK_TIM9_IRQHandler
                        0x08004609         Code  Wk  startup_stm32f4xx.o [1]
TIM1_CC_IRQHandler      0x08004615         Code  Wk  startup_stm32f4xx.o [1]
TIM1_TRG_COM_TIM11_IRQHandler
                        0x08004611         Code  Wk  startup_stm32f4xx.o [1]
TIM1_UP_TIM10_IRQHandler
                        0x0800460d         Code  Wk  startup_stm32f4xx.o [1]
TIM2_IRQHandler         0x08004619         Code  Wk  startup_stm32f4xx.o [1]
TIM3_IRQHandler         0x0800461d         Code  Wk  startup_stm32f4xx.o [1]
TIM4_IRQHandler         0x08004621         Code  Wk  startup_stm32f4xx.o [1]
TIM5_IRQHandler         0x08004671         Code  Wk  startup_stm32f4xx.o [1]
TIM6_DAC_IRQHandler     0x08004681         Code  Wk  startup_stm32f4xx.o [1]
TIM7_IRQHandler         0x08004685         Code  Wk  startup_stm32f4xx.o [1]
TIM8_BRK_TIM12_IRQHandler
                        0x08004655         Code  Wk  startup_stm32f4xx.o [1]
TIM8_CC_IRQHandler      0x08004661         Code  Wk  startup_stm32f4xx.o [1]
TIM8_TRG_COM_TIM14_IRQHandler
                        0x0800465d         Code  Wk  startup_stm32f4xx.o [1]
TIM8_UP_TIM13_IRQHandler
                        0x08004659         Code  Wk  startup_stm32f4xx.o [1]
TimingDelay             0x20000098    0x4  Data  Gb  main.o [1]
TimingDelay_Decrement   0x080036b7    0xe  Code  Gb  main.o [1]
UART4_IRQHandler        0x08004679         Code  Wk  startup_stm32f4xx.o [1]
UART5_IRQHandler        0x0800467d         Code  Wk  startup_stm32f4xx.o [1]
USART1_IRQHandler       0x0800463d         Code  Wk  startup_stm32f4xx.o [1]
USART2_IRQHandler       0x08004641         Code  Wk  startup_stm32f4xx.o [1]
USART3_IRQHandler       0x08004645         Code  Wk  startup_stm32f4xx.o [1]
USART6_IRQHandler       0x080046c5         Code  Wk  startup_stm32f4xx.o [1]
USBD_CDC_cb             0x2000009c   0x2c  Data  Gb  usbd_cdc_core.o [1]
USBD_ClrCfg             0x08002f3b   0x12  Code  Gb  usbd_core.o [1]
USBD_CtlContinueRx      0x08002cc9   0x14  Code  Gb  usbd_ioreq.o [1]
USBD_CtlContinueSendData
                        0x08002c93   0x14  Code  Gb  usbd_ioreq.o [1]
USBD_CtlError           0x080029dd   0x28  Code  Gb  usbd_req.o [1]
USBD_CtlPrepareRx       0x08002ca7   0x22  Code  Gb  usbd_ioreq.o [1]
USBD_CtlReceiveStatus   0x08002cfd   0x20  Code  Gb  usbd_ioreq.o [1]
USBD_CtlSendData        0x08002c71   0x22  Code  Gb  usbd_ioreq.o [1]
USBD_CtlSendStatus      0x08002cdd   0x20  Code  Gb  usbd_ioreq.o [1]
USBD_DCD_INT_cb         0x200000c8   0x2c  Data  Gb  usbd_core.o [1]
USBD_DCD_INT_fops       0x20000184    0x4  Data  Gb  usbd_core.o [1]
USBD_DataInStage        0x08002e19   0x98  Code  Lc  usbd_core.o [1]
USBD_DataOutStage       0x08002da5   0x74  Code  Lc  usbd_core.o [1]
USBD_DeviceDesc         0x20000154   0x14  Data  Gb  usbd_desc.o [1]
USBD_GetDescriptor      0x080027f1  0x102  Code  Lc  usbd_req.o [1]
USBD_GetString          0x08002a05   0x4c  Code  Gb  usbd_req.o [1]
USBD_Init               0x08002d1d   0x38  Code  Gb  usbd_core.o [1]
USBD_IsoINIncomplete    0x08002f4d   0x12  Code  Lc  usbd_core.o [1]
USBD_IsoOUTIncomplete   0x08002f5f   0x12  Code  Lc  usbd_core.o [1]
USBD_LangIDDesc         0x20000188    0x4  Data  Gb  usbd_desc.o [1]
USBD_OTG_ISR_Handler    0x08002f71  0x170  Code  Gb  usb_dcd_int.o [1]
USBD_ParseSetupRequest  0x08002999   0x44  Code  Gb  usbd_req.o [1]
USBD_Reset              0x08002eb1   0x2e  Code  Lc  usbd_core.o [1]
USBD_Resume             0x08002edf   0x16  Code  Lc  usbd_core.o [1]
USBD_SOF                0x08002f0d   0x16  Code  Lc  usbd_core.o [1]
USBD_SetCfg             0x08002f23   0x18  Code  Gb  usbd_core.o [1]
USBD_SetConfig          0x080028f3   0x94  Code  Lc  usbd_req.o [1]
USBD_SetupStage         0x08002d55   0x50  Code  Lc  usbd_core.o [1]
USBD_StdDevReq          0x08002505  0x198  Code  Gb  usbd_req.o [1]
USBD_StdEPReq           0x080026f1  0x100  Code  Gb  usbd_req.o [1]
USBD_StdItfReq          0x0800269d   0x54  Code  Gb  usbd_req.o [1]
USBD_StrDesc            0x200010ac   0x34  Data  Gb  usbd_req.o [1]
USBD_Suspend            0x08002ef5   0x18  Code  Lc  usbd_core.o [1]
USBD_USR_ConfigStrDescriptor
                        0x08004259   0x14  Code  Gb  usbd_desc.o [1]
USBD_USR_DeviceConfigured
                        0x08000f47    0x2  Code  Gb  usbd_usr.o [1]
USBD_USR_DeviceConnected
                        0x08000f49    0x2  Code  Gb  usbd_usr.o [1]
USBD_USR_DeviceDescriptor
                        0x080041fd    0x8  Code  Gb  usbd_desc.o [1]
USBD_USR_DeviceDisconnected
                        0x08000f4b    0x2  Code  Gb  usbd_usr.o [1]
USBD_USR_DeviceReset    0x08000f45    0x2  Code  Gb  usbd_usr.o [1]
USBD_USR_DeviceResumed  0x08000f4f    0x2  Code  Gb  usbd_usr.o [1]
USBD_USR_DeviceSuspended
                        0x08000f4d    0x2  Code  Gb  usbd_usr.o [1]
USBD_USR_Init           0x08000f43    0x2  Code  Gb  usbd_usr.o [1]
USBD_USR_InterfaceStrDescriptor
                        0x0800426d   0x14  Code  Gb  usbd_desc.o [1]
USBD_USR_LangIDStrDescriptor
                        0x08004205    0x8  Code  Gb  usbd_desc.o [1]
USBD_USR_ManufacturerStrDescriptor
                        0x08004229   0x14  Code  Gb  usbd_desc.o [1]
USBD_USR_ProductStrDescriptor
                        0x0800420d   0x1c  Code  Gb  usbd_desc.o [1]
USBD_USR_SerialStrDescriptor
                        0x0800423d   0x1c  Code  Gb  usbd_desc.o [1]
USBD_cdc_GetCfgDesc     0x080041d7    0x8  Code  Lc  usbd_cdc_core.o [1]
USBD_cfg_status         0x200010e0    0x4  Data  Gb  usbd_req.o [1]
USBD_default_cfg        0x200010e4    0x4  Data  Gb  usbd_req.o [1]
USBD_ep_status          0x200010e8    0x4  Data  Gb  usbd_req.o [1]
USB_OTG_BSP_EnableInterrupt
                        0x080022d5   0x2e  Code  Gb  usb_bsp.o [1]
USB_OTG_BSP_Init        0x08002231   0xa4  Code  Gb  usb_bsp.o [1]
USB_OTG_BSP_mDelay      0x08002319   0x14  Code  Gb  usb_bsp.o [1]
USB_OTG_BSP_uDelay      0x08002303   0x16  Code  Gb  usb_bsp.o [1]
USB_OTG_CoreInit        0x08001ae1  0x13c  Code  Gb  usb_core.o [1]
USB_OTG_CoreInitDev     0x08001cb7  0x168  Code  Gb  usb_core.o [1]
USB_OTG_DisableGlobalInt
                        0x08001c2b    0xe  Code  Gb  usb_core.o [1]
USB_OTG_EP0Activate     0x08001e49   0x38  Code  Gb  usb_core.o [1]
USB_OTG_EP0StartXfer    0x08002073   0xd6  Code  Gb  usb_core.o [1]
USB_OTG_EP0_OutStart    0x080021c1   0x20  Code  Gb  usb_core.o [1]
USB_OTG_EPActivate      0x08001e81   0x64  Code  Gb  usb_core.o [1]
USB_OTG_EPClearStall    0x08002171   0x28  Code  Gb  usb_core.o [1]
USB_OTG_EPDeactivate    0x08001ee5   0x2c  Code  Gb  usb_core.o [1]
USB_OTG_EPSetStall      0x08002149   0x28  Code  Gb  usb_core.o [1]
USB_OTG_EPStartXfer     0x08001f11  0x162  Code  Gb  usb_core.o [1]
USB_OTG_EnableGlobalInt
                        0x08001c1d    0xe  Code  Gb  usb_core.o [1]
USB_OTG_FlushTxFifo     0x08001c39   0x3c  Code  Gb  usb_core.o [1]
USB_OTG_GetDeviceSpeed  0x08001e21   0x26  Code  Gb  usb_core.o [1]
USB_OTG_IsDeviceMode    0x08001c9f    0xe  Code  Gb  usb_core.o [1]
USB_OTG_ReadCoreItr     0x08001cad    0xa  Code  Gb  usb_core.o [1]
USB_OTG_ReadDevAllInEPItr
                        0x080021b5    0xc  Code  Gb  usb_core.o [1]
USB_OTG_ReadDevAllOutEp_itr
                        0x08002199    0xc  Code  Gb  usb_core.o [1]
USB_OTG_ReadDevOutEP_itr
                        0x080021a5   0x10  Code  Gb  usb_core.o [1]
USB_OTG_ReadPacket      0x08001a01   0x1e  Code  Gb  usb_core.o [1]
USB_OTG_SelectCore      0x08001a21   0xc0  Code  Gb  usb_core.o [1]
USB_OTG_SetCurrentMode  0x08001c75   0x2a  Code  Gb  usb_core.o [1]
USB_OTG_UngateClock     0x080021e1   0x1c  Code  Gb  usb_core.o [1]
USB_OTG_WritePacket     0x080019a9   0x58  Code  Gb  usb_core.o [1]
USB_OTG_dev             0x200009a0  0x5f0  Data  Gb  vcp.o [1]
USB_Rx_Buffer           0x2000106c   0x40  Data  Gb  usbd_cdc_core.o [1]
USB_Tx_State            0x2000018c    0x1  Data  Gb  usbd_cdc_core.o [1]
USR_cb                  0x20000110   0x1c  Data  Gb  usbd_usr.o [1]
USR_desc                0x200000f4   0x1c  Data  Gb  usbd_desc.o [1]
UsageFault_Handler      0x08003865    0xc  Code  Gb  vcp.o [1]
VCP_Ctrl                0x080038d5   0x2c  Code  Lc  usbd_cdc_vcp.o [1]
VCP_DataRx              0x08003967   0x3a  Code  Lc  usbd_cdc_vcp.o [1]
VCP_DataTx              0x0800393d   0x2a  Code  Lc  usbd_cdc_vcp.o [1]
VCP_DeInit              0x080038d1    0x4  Code  Lc  usbd_cdc_vcp.o [1]
VCP_Init                0x080038cd    0x4  Code  Lc  usbd_cdc_vcp.o [1]
VCP_fops                0x20000140   0x14  Data  Gb  usbd_cdc_vcp.o [1]
VCP_get_string          0x080039a1   0x94  Code  Gb  usbd_cdc_vcp.o [1]
VCP_send_str            0x08003901   0x3c  Code  Gb  usbd_cdc_vcp.o [1]
WWDG_IRQHandler         0x080045a9         Code  Wk  startup_stm32f4xx.o [1]
XOffset                 0x20000061    0x1  Data  Gb  main.o [1]
YOffset                 0x20000062    0x1  Data  Gb  main.o [1]
ZOffset                 0x20000063    0x1  Data  Gb  main.o [1]
_Close_all              0x0800451b    0xc  Code  Gb  xcloseall.o [3]
_GenldFull              0x08000bed  0x270  Code  Lc  xprintffull.o [3]
_LdtobFull              0x080007dd  0x400  Code  Lc  xprintffull.o [3]
_LitobFull              0x080006b7  0x126  Code  Lc  xprintffull.o [3]
_PrintfFull             0x08000189  0x52e  Code  Gb  xprintffull.o [3]
_Prout                  0x0800453d   0x16  Code  Gb  xprout.o [3]
_PutcharsFull           0x08000e5d   0x2e  Code  Lc  xprintffull.o [3]
__aeabi_cdcmple         0x08001155         Code  Gb  DblCmpLe.o [4]
__aeabi_cdrcmple        0x08001185         Code  Gb  DblCmpGe.o [4]
__aeabi_d2iz            0x080012d1         Code  Gb  DblToI32.o [4]
__aeabi_d2uiz           0x080012fd         Code  Gb  DblToI32.o [4]
__aeabi_ddiv            0x0800167d         Code  Gb  DblDiv.o [4]
__aeabi_dmul            0x080014d9         Code  Gb  DblMul.o [4]
__aeabi_dsub            0x08001359         Code  Gb  DblSub.o [4]
__aeabi_i2d             0x08001329         Code  Gb  I32ToDbl.o [4]
__aeabi_ldiv0           0x080018d1         Code  Gb  I64DivZer.o [5]
__aeabi_memclr4         0x080038c5         Code  Gb  ABImemclr4.o [5]
__aeabi_memcpy          0x08001099         Code  Gb  ABImemcpy.o [5]
__aeabi_memcpy4         0x080010b9         Code  Gb  ABImemcpy.o [5]
__aeabi_memcpy8         0x080010b9         Code  Gb  ABImemcpy.o [5]
__aeabi_ui2d            0x0800133d         Code  Gb  I32ToDbl.o [4]
__aeabi_uldivmod        0x08000fa9         Code  Gb  I64DivMod.o [5]
__cexit_closeall        0x0800450f         Code  Gb  cexit.o [5]
__cmain                 0x080044ed         Code  Gb  cmain.o [5]
__cstart_closeall       0x080046f0         Data  Gb  cstart_closeall.o [5]
__dwrite                0x080043df   0x1e  Code  Gb  dwrite.o [6]
__exit                  0x08004529   0x14  Code  Gb  exit.o [6]
__iar_Dnorm             0x0800110f   0x44  Code  Gb  xdnorm.o [4]
__iar_Dscale            0x080011b5  0x106  Code  Gb  xdscale.o [4]
__iar_Memchr            0x08000f51         Code  Gb  memchr.o [5]
__iar_Memset4_word      0x08003e85         Code  Gb  ABImemset48.o [5]
__iar_Memset8_word      0x08003e85         Code  Gb  ABImemset48.o [5]
__iar_SB                0x080046f0         Data  Gb  bwt_init3c.o [5]
__iar_Strchr            0x08000ed5         Code  Gb  strchr.o [5]
__iar_copy_init3        0x08000ea7   0x2e  Code  Gb  copy_init3.o [5]
__iar_d2uiz             0x08001309         Code  Gb  DblToI32.o [4]
__iar_dadd              0x080018d5         Code  Gb  DblAdd.o [4]
__iar_data_init3        0x08004475   0x2c  Code  Gb  data_init3.o [5]
__iar_dsub              0x0800136d         Code  Gb  DblSub.o [4]
__iar_dsubStart         0x0800137f         Code  Gb  DblSub.o [4]
__iar_program_start     0x08004579         Code  Gb  cstartup_M.o [5]
__iar_sh_stdout_swo     0x080043fd   0x54  Code  Gb  iarwstdswo.o [6]
__iar_sh_write          0x08004451   0x22  Code  Gb  iarwrite.o [6]
__iar_ui2d              0x08001341         Code  Gb  I32ToDbl.o [4]
__iar_zero_init3        0x08000eeb   0x22  Code  Gb  zero_init3.o [5]
__low_level_init        0x08004503    0x4  Code  Gb  low_level_init.o [3]
__vector_table          0x08000000         Data  Gb  startup_stm32f4xx.o [1]
__write_buffered        0x08004325   0xb0  Code  Gb  xxwritebuffered.o [3]
_call_main              0x080044f9         Code  Gb  cmain.o [5]
_exit                   0x0800450d         Code  Gb  cexit.o [5]
_main                   0x080044ff         Code  Gb  cmain.o [5]
cdcCmd                  0x20000004    0x4  Data  Lc  usbd_cdc_core.o [1]
cdcLen                  0x20000008    0x4  Data  Lc  usbd_cdc_core.o [1]
changed                 0x20000094    0x4  Data  Gb  main.o [1]
comando                 0x20000060    0x1  Data  Gb  main.o [1]
configuraAccelerometro  0x080035bd   0xfa  Code  Gb  main.o [1]
div                     0x080018c3    0xe  Code  Gb  div.o [3]
exit                    0x08004507    0x4  Code  Gb  exit.o [3]
freeE                   0x20000064   0x30  Data  Gb  main.o [1]
init                    0x080037cf   0x70  Code  Gb  vcp.o [1]
linecoding              0x20000178    0x8  Data  Gb  usbd_cdc_vcp.o [1]
main                    0x080033d1   0xb8  Code  Gb  main.o [1]
main_vcp                0x080037bd   0x12  Code  Gb  vcp.o [1]
memchr                  0x08000f51         Code  Gb  memchr.o [5]
printf                  0x08003a45   0x24  Code  Gb  printf.o [3]
putchar                 0x080044a1   0x28  Code  Gb  putchar.o [3]
scriviValoreInUscita    0x08003489   0xb6  Code  Gb  main.o [1]
store                   0x20001018   0x50  Data  Lc  xxwritebuffered.o [3]
storeLen                0x20001068    0x4  Data  Lc  xxwritebuffered.o [3]
strchr                  0x08000ed5         Code  Gb  strchr.o [5]
strlen                  0x08000f0d         Code  Gb  strlen.o [5]
usbd_cdc_AltSet         0x20000000    0x4  Data  Lc  usbd_cdc_core.o [1]
usbd_cdc_CfgDesc        0x20000014   0x44  Data  Gb  usbd_cdc_core.o [1]
usbd_cdc_DataIn         0x080040e1   0x4c  Code  Lc  usbd_cdc_core.o [1]
usbd_cdc_DataOut        0x0800412d   0x34  Code  Lc  usbd_cdc_core.o [1]
usbd_cdc_DeInit         0x08003feb   0x24  Code  Lc  usbd_cdc_core.o [1]
usbd_cdc_EP0_RxReady    0x080040c3   0x1e  Code  Lc  usbd_cdc_core.o [1]
usbd_cdc_Init           0x08003f91   0x5a  Code  Lc  usbd_cdc_core.o [1]
usbd_cdc_SOF            0x08004161   0x76  Code  Lc  usbd_cdc_core.o [1]
usbd_cdc_Setup          0x0800400f   0xb4  Code  Lc  usbd_cdc_core.o [1]


[1] = C:\Documents and Settings\Administrator\Desktop\Librerie+Esempi-F4\STM32F4-Discovery_FW_V1.1.0\Project\Peripheral_Examples\MEMS_Modificato\EWARM\LIS302DL\Obj
[2] = command line
[3] = dl7M_tln.a
[4] = m7M_tl.a
[5] = rt7M_tl.a
[6] = shb_l.a

  18 124 bytes of readonly  code memory
     432 bytes of readonly  data memory
  12 525 bytes of readwrite data memory

Errors: none
Warnings: none
